2025-05-22 04:19:44,857 INFO o.a.j.u.JMeterUtils: Setting Locale to en_EN
2025-05-22 04:19:44,872 INFO o.a.j.JMeter: Loading user properties from: C:\Users\Frostyvis\Desktop\LoadTesting\apache-jmeter-5.6.3\apache-jmeter-5.6.3\bin\user.properties
2025-05-22 04:19:44,873 INFO o.a.j.JMeter: Loading system properties from: C:\Users\Frostyvis\Desktop\LoadTesting\apache-jmeter-5.6.3\apache-jmeter-5.6.3\bin\system.properties
2025-05-22 04:19:44,877 INFO o.a.j.JMeter: Copyright (c) 1998-2024 The Apache Software Foundation
2025-05-22 04:19:44,877 INFO o.a.j.JMeter: Version 5.6.3
2025-05-22 04:19:44,877 INFO o.a.j.JMeter: java.version=21.0.6
2025-05-22 04:19:44,877 INFO o.a.j.JMeter: java.vm.name=OpenJDK 64-Bit Server VM
2025-05-22 04:19:44,877 INFO o.a.j.JMeter: os.name=Windows 10
2025-05-22 04:19:44,877 INFO o.a.j.JMeter: os.arch=amd64
2025-05-22 04:19:44,878 INFO o.a.j.JMeter: os.version=10.0
2025-05-22 04:19:44,878 INFO o.a.j.JMeter: file.encoding=UTF-8
2025-05-22 04:19:44,878 INFO o.a.j.JMeter: java.awt.headless=null
2025-05-22 04:19:44,878 INFO o.a.j.JMeter: Max memory     =1073741824
2025-05-22 04:19:44,878 INFO o.a.j.JMeter: Available Processors =12
2025-05-22 04:19:44,891 INFO o.a.j.JMeter: Default Locale=English (EN)
2025-05-22 04:19:44,891 INFO o.a.j.JMeter: JMeter  Locale=English (EN)
2025-05-22 04:19:44,891 INFO o.a.j.JMeter: JMeterHome=C:\Users\Frostyvis\Desktop\LoadTesting\apache-jmeter-5.6.3\apache-jmeter-5.6.3
2025-05-22 04:19:44,891 INFO o.a.j.JMeter: user.dir  =C:\Users\Frostyvis\Desktop\LoadTesting\BalanovMegafon\MegafonLT\new\includes\mobile
2025-05-22 04:19:44,892 INFO o.a.j.JMeter: PWD       =C:\Users\Frostyvis\Desktop\LoadTesting\BalanovMegafon\MegafonLT\new\includes\mobile
2025-05-22 04:19:49,445 INFO o.a.j.JMeter: IP: 26.216.249.141 Name: Frostyvis FullName: Frostyvis
2025-05-22 04:19:49,455 INFO o.a.j.JMeter: Loaded icon properties from org/apache/jmeter/images/icon.properties
2025-05-22 04:19:49,640 INFO o.a.j.JMeterGuiLauncher: Setting LAF to: com.github.weisj.darklaf.DarkLaf:com.github.weisj.darklaf.theme.OneDarkTheme
2025-05-22 04:19:50,550 INFO o.a.j.r.ClassFinder: Will scan jar C:\Users\Frostyvis\Desktop\LoadTesting\apache-jmeter-5.6.3\apache-jmeter-5.6.3\lib\ext\bcpkix-jdk18on-1.80.jar with filter ExtendsClassFilter [parents=[interface org.apache.jmeter.gui.action.Command], inner=false, contains=null, notContains=null]. Consider exposing JMeter plugins via META-INF/services, and add JMeter-Skip-Class-Scanning=true manifest attribute so JMeter can skip classfile scanning
2025-05-22 04:19:50,718 INFO o.a.j.r.ClassFinder: Will scan jar C:\Users\Frostyvis\Desktop\LoadTesting\apache-jmeter-5.6.3\apache-jmeter-5.6.3\lib\ext\bcprov-jdk18on-1.80.jar with filter ExtendsClassFilter [parents=[interface org.apache.jmeter.gui.action.Command], inner=false, contains=null, notContains=null]. Consider exposing JMeter plugins via META-INF/services, and add JMeter-Skip-Class-Scanning=true manifest attribute so JMeter can skip classfile scanning
2025-05-22 04:19:51,230 INFO o.a.j.r.ClassFinder: Will scan jar C:\Users\Frostyvis\Desktop\LoadTesting\apache-jmeter-5.6.3\apache-jmeter-5.6.3\lib\ext\jmeter-plugins-casutg-3.0.jar with filter ExtendsClassFilter [parents=[interface org.apache.jmeter.gui.action.Command], inner=false, contains=null, notContains=null]. Consider exposing JMeter plugins via META-INF/services, and add JMeter-Skip-Class-Scanning=true manifest attribute so JMeter can skip classfile scanning
2025-05-22 04:19:51,242 INFO o.a.j.r.ClassFinder: Will scan jar C:\Users\Frostyvis\Desktop\LoadTesting\apache-jmeter-5.6.3\apache-jmeter-5.6.3\lib\ext\jmeter-plugins-manager-1.10.jar with filter ExtendsClassFilter [parents=[interface org.apache.jmeter.gui.action.Command], inner=false, contains=null, notContains=null]. Consider exposing JMeter plugins via META-INF/services, and add JMeter-Skip-Class-Scanning=true manifest attribute so JMeter can skip classfile scanning
2025-05-22 04:19:51,360 INFO o.a.j.r.ClassFinder: Will scan jar C:\Users\Frostyvis\Desktop\LoadTesting\apache-jmeter-5.6.3\apache-jmeter-5.6.3\lib\ext\bcpkix-jdk18on-1.80.jar with filter ExtendsClassFilter [parents=[interface org.apache.jmeter.gui.plugin.MenuCreator], inner=false, contains=null, notContains=null]. Consider exposing JMeter plugins via META-INF/services, and add JMeter-Skip-Class-Scanning=true manifest attribute so JMeter can skip classfile scanning
2025-05-22 04:19:51,369 INFO o.a.j.r.ClassFinder: Will scan jar C:\Users\Frostyvis\Desktop\LoadTesting\apache-jmeter-5.6.3\apache-jmeter-5.6.3\lib\ext\bcprov-jdk18on-1.80.jar with filter ExtendsClassFilter [parents=[interface org.apache.jmeter.gui.plugin.MenuCreator], inner=false, contains=null, notContains=null]. Consider exposing JMeter plugins via META-INF/services, and add JMeter-Skip-Class-Scanning=true manifest attribute so JMeter can skip classfile scanning
2025-05-22 04:19:51,470 INFO o.a.j.r.ClassFinder: Will scan jar C:\Users\Frostyvis\Desktop\LoadTesting\apache-jmeter-5.6.3\apache-jmeter-5.6.3\lib\ext\jmeter-plugins-casutg-3.0.jar with filter ExtendsClassFilter [parents=[interface org.apache.jmeter.gui.plugin.MenuCreator], inner=false, contains=null, notContains=null]. Consider exposing JMeter plugins via META-INF/services, and add JMeter-Skip-Class-Scanning=true manifest attribute so JMeter can skip classfile scanning
2025-05-22 04:19:51,472 INFO o.a.j.r.ClassFinder: Will scan jar C:\Users\Frostyvis\Desktop\LoadTesting\apache-jmeter-5.6.3\apache-jmeter-5.6.3\lib\ext\jmeter-plugins-manager-1.10.jar with filter ExtendsClassFilter [parents=[interface org.apache.jmeter.gui.plugin.MenuCreator], inner=false, contains=null, notContains=null]. Consider exposing JMeter plugins via META-INF/services, and add JMeter-Skip-Class-Scanning=true manifest attribute so JMeter can skip classfile scanning
2025-05-22 04:19:51,536 INFO o.j.r.JARSourceHTTP: Found cached repo
2025-05-22 04:19:51,662 INFO o.j.r.PluginManager: Plugins Status: [jpgc-casutg=3.0, jpgc-plugins-manager=1.10, jmeter-core=5.6.3, jmeter-ftp=5.6.3, jmeter-http=5.6.3, jmeter-jdbc=5.6.3, jmeter-jms=5.6.3, jmeter-junit=5.6.3, jmeter-java=5.6.3, jmeter-ldap=5.6.3, jmeter-mail=5.6.3, jmeter-mongodb=5.6.3, jmeter-native=5.6.3, jmeter-tcp=5.6.3, jmeter-components=5.6.3]
2025-05-22 04:19:51,663 INFO o.j.r.PluginManagerMenuItem: Plugins Manager has upgrades: [jpgc-casutg]
2025-05-22 04:19:52,747 INFO o.a.j.JMeterGuiLauncher: Loading file: mobile.jmx
2025-05-22 04:19:52,748 INFO o.a.j.s.FileServer: Default base='C:\Users\Frostyvis\Desktop\LoadTesting\BalanovMegafon\MegafonLT\new\includes\mobile'
2025-05-22 04:19:52,749 INFO o.a.j.s.FileServer: Set new base='C:\Users\Frostyvis\Desktop\LoadTesting\BalanovMegafon\MegafonLT\new\includes\mobile'
2025-05-22 04:19:52,899 INFO o.a.j.s.SaveService: Testplan (JMX) version: 2.2. Testlog (JTL) version: 2.2
2025-05-22 04:19:52,907 INFO o.a.j.s.SaveService: Using SaveService properties version 5.0
2025-05-22 04:19:52,910 INFO o.a.j.s.SaveService: Using SaveService properties file encoding UTF-8
2025-05-22 04:19:52,919 INFO o.a.j.s.SaveService: Loading file: mobile.jmx
2025-05-22 04:19:53,030 INFO o.a.j.p.h.c.CookieManager: Settings: Delete null: true Check: true Allow variable: true Save: false Prefix: COOKIE_
2025-05-22 04:19:53,040 INFO o.a.j.p.h.s.HTTPSamplerBase: Parser for text/html is org.apache.jmeter.protocol.http.parser.LagartoBasedHtmlParser
2025-05-22 04:19:53,040 INFO o.a.j.p.h.s.HTTPSamplerBase: Parser for application/xhtml+xml is org.apache.jmeter.protocol.http.parser.LagartoBasedHtmlParser
2025-05-22 04:19:53,041 INFO o.a.j.p.h.s.HTTPSamplerBase: Parser for application/xml is org.apache.jmeter.protocol.http.parser.LagartoBasedHtmlParser
2025-05-22 04:19:53,041 INFO o.a.j.p.h.s.HTTPSamplerBase: Parser for text/xml is org.apache.jmeter.protocol.http.parser.LagartoBasedHtmlParser
2025-05-22 04:19:53,041 INFO o.a.j.p.h.s.HTTPSamplerBase: Parser for text/vnd.wap.wml is org.apache.jmeter.protocol.http.parser.RegexpHTMLParser
2025-05-22 04:19:53,041 INFO o.a.j.p.h.s.HTTPSamplerBase: Parser for text/css is org.apache.jmeter.protocol.http.parser.CssParser
2025-05-22 04:19:53,060 INFO o.a.j.s.SampleResult: Note: Sample TimeStamps are START times
2025-05-22 04:19:53,060 INFO o.a.j.s.SampleResult: sampleresult.default.encoding is set to UTF-8
2025-05-22 04:19:53,060 INFO o.a.j.s.SampleResult: sampleresult.useNanoTime=true
2025-05-22 04:19:53,060 INFO o.a.j.s.SampleResult: sampleresult.nanoThreadSleep=5000
2025-05-22 04:19:53,254 INFO o.a.j.e.KeyToolUtils: keytool found at 'keytool'
2025-05-22 04:19:53,255 INFO o.a.j.p.h.p.ProxyControl: HTTP(S) Test Script Recorder SSL Proxy will use keys that support embedded 3rd party resources in file C:\Users\Frostyvis\Desktop\LoadTesting\apache-jmeter-5.6.3\apache-jmeter-5.6.3\bin\proxyserver.jks
2025-05-22 04:19:53,316 INFO o.a.j.s.FileServer: Set new base='C:\Users\Frostyvis\Desktop\LoadTesting\BalanovMegafon\MegafonLT\new\includes\mobile'
2025-05-22 04:19:53,771 INFO o.a.j.r.ClassFinder: Will scan jar C:\Users\Frostyvis\Desktop\LoadTesting\apache-jmeter-5.6.3\apache-jmeter-5.6.3\lib\ext\bcpkix-jdk18on-1.80.jar with filter ExtendsClassFilter [parents=[interface org.apache.jmeter.visualizers.ResultRenderer], inner=false, contains=null, notContains=null]. Consider exposing JMeter plugins via META-INF/services, and add JMeter-Skip-Class-Scanning=true manifest attribute so JMeter can skip classfile scanning
2025-05-22 04:19:53,782 INFO o.a.j.r.ClassFinder: Will scan jar C:\Users\Frostyvis\Desktop\LoadTesting\apache-jmeter-5.6.3\apache-jmeter-5.6.3\lib\ext\bcprov-jdk18on-1.80.jar with filter ExtendsClassFilter [parents=[interface org.apache.jmeter.visualizers.ResultRenderer], inner=false, contains=null, notContains=null]. Consider exposing JMeter plugins via META-INF/services, and add JMeter-Skip-Class-Scanning=true manifest attribute so JMeter can skip classfile scanning
2025-05-22 04:19:53,885 INFO o.a.j.r.ClassFinder: Will scan jar C:\Users\Frostyvis\Desktop\LoadTesting\apache-jmeter-5.6.3\apache-jmeter-5.6.3\lib\ext\jmeter-plugins-casutg-3.0.jar with filter ExtendsClassFilter [parents=[interface org.apache.jmeter.visualizers.ResultRenderer], inner=false, contains=null, notContains=null]. Consider exposing JMeter plugins via META-INF/services, and add JMeter-Skip-Class-Scanning=true manifest attribute so JMeter can skip classfile scanning
2025-05-22 04:19:53,886 INFO o.a.j.r.ClassFinder: Will scan jar C:\Users\Frostyvis\Desktop\LoadTesting\apache-jmeter-5.6.3\apache-jmeter-5.6.3\lib\ext\jmeter-plugins-manager-1.10.jar with filter ExtendsClassFilter [parents=[interface org.apache.jmeter.visualizers.ResultRenderer], inner=false, contains=null, notContains=null]. Consider exposing JMeter plugins via META-INF/services, and add JMeter-Skip-Class-Scanning=true manifest attribute so JMeter can skip classfile scanning
2025-05-22 04:19:53,903 INFO o.a.j.r.ClassFinder: Will scan jar C:\Users\Frostyvis\Desktop\LoadTesting\apache-jmeter-5.6.3\apache-jmeter-5.6.3\lib\ext\bcpkix-jdk18on-1.80.jar with filter ExtendsClassFilter [parents=[interface org.apache.jmeter.visualizers.RequestView], inner=false, contains=null, notContains=null]. Consider exposing JMeter plugins via META-INF/services, and add JMeter-Skip-Class-Scanning=true manifest attribute so JMeter can skip classfile scanning
2025-05-22 04:19:53,909 INFO o.a.j.r.ClassFinder: Will scan jar C:\Users\Frostyvis\Desktop\LoadTesting\apache-jmeter-5.6.3\apache-jmeter-5.6.3\lib\ext\bcprov-jdk18on-1.80.jar with filter ExtendsClassFilter [parents=[interface org.apache.jmeter.visualizers.RequestView], inner=false, contains=null, notContains=null]. Consider exposing JMeter plugins via META-INF/services, and add JMeter-Skip-Class-Scanning=true manifest attribute so JMeter can skip classfile scanning
2025-05-22 04:19:54,009 INFO o.a.j.r.ClassFinder: Will scan jar C:\Users\Frostyvis\Desktop\LoadTesting\apache-jmeter-5.6.3\apache-jmeter-5.6.3\lib\ext\jmeter-plugins-casutg-3.0.jar with filter ExtendsClassFilter [parents=[interface org.apache.jmeter.visualizers.RequestView], inner=false, contains=null, notContains=null]. Consider exposing JMeter plugins via META-INF/services, and add JMeter-Skip-Class-Scanning=true manifest attribute so JMeter can skip classfile scanning
2025-05-22 04:19:54,010 INFO o.a.j.r.ClassFinder: Will scan jar C:\Users\Frostyvis\Desktop\LoadTesting\apache-jmeter-5.6.3\apache-jmeter-5.6.3\lib\ext\jmeter-plugins-manager-1.10.jar with filter ExtendsClassFilter [parents=[interface org.apache.jmeter.visualizers.RequestView], inner=false, contains=null, notContains=null]. Consider exposing JMeter plugins via META-INF/services, and add JMeter-Skip-Class-Scanning=true manifest attribute so JMeter can skip classfile scanning
2025-05-22 04:19:54,100 INFO o.a.j.r.ClassFinder: Will scan jar C:\Users\Frostyvis\Desktop\LoadTesting\apache-jmeter-5.6.3\apache-jmeter-5.6.3\lib\ext\bcpkix-jdk18on-1.80.jar with filter ExtendsClassFilter [parents=[interface org.apache.jmeter.visualizers.backend.BackendListenerClient], inner=false, contains=null, notContains=null]. Consider exposing JMeter plugins via META-INF/services, and add JMeter-Skip-Class-Scanning=true manifest attribute so JMeter can skip classfile scanning
2025-05-22 04:19:54,106 INFO o.a.j.r.ClassFinder: Will scan jar C:\Users\Frostyvis\Desktop\LoadTesting\apache-jmeter-5.6.3\apache-jmeter-5.6.3\lib\ext\bcprov-jdk18on-1.80.jar with filter ExtendsClassFilter [parents=[interface org.apache.jmeter.visualizers.backend.BackendListenerClient], inner=false, contains=null, notContains=null]. Consider exposing JMeter plugins via META-INF/services, and add JMeter-Skip-Class-Scanning=true manifest attribute so JMeter can skip classfile scanning
2025-05-22 04:19:54,197 INFO o.a.j.r.ClassFinder: Will scan jar C:\Users\Frostyvis\Desktop\LoadTesting\apache-jmeter-5.6.3\apache-jmeter-5.6.3\lib\ext\jmeter-plugins-casutg-3.0.jar with filter ExtendsClassFilter [parents=[interface org.apache.jmeter.visualizers.backend.BackendListenerClient], inner=false, contains=null, notContains=null]. Consider exposing JMeter plugins via META-INF/services, and add JMeter-Skip-Class-Scanning=true manifest attribute so JMeter can skip classfile scanning
2025-05-22 04:19:54,198 INFO o.a.j.r.ClassFinder: Will scan jar C:\Users\Frostyvis\Desktop\LoadTesting\apache-jmeter-5.6.3\apache-jmeter-5.6.3\lib\ext\jmeter-plugins-manager-1.10.jar with filter ExtendsClassFilter [parents=[interface org.apache.jmeter.visualizers.backend.BackendListenerClient], inner=false, contains=null, notContains=null]. Consider exposing JMeter plugins via META-INF/services, and add JMeter-Skip-Class-Scanning=true manifest attribute so JMeter can skip classfile scanning
2025-05-22 04:19:54,260 INFO o.a.j.r.ClassFinder: Will scan jar C:\Users\Frostyvis\Desktop\LoadTesting\apache-jmeter-5.6.3\apache-jmeter-5.6.3\lib\ext\bcpkix-jdk18on-1.80.jar with filter ExtendsClassFilter [parents=[interface org.apache.jmeter.visualizers.ResultRenderer], inner=false, contains=null, notContains=null]. Consider exposing JMeter plugins via META-INF/services, and add JMeter-Skip-Class-Scanning=true manifest attribute so JMeter can skip classfile scanning
2025-05-22 04:19:54,268 INFO o.a.j.r.ClassFinder: Will scan jar C:\Users\Frostyvis\Desktop\LoadTesting\apache-jmeter-5.6.3\apache-jmeter-5.6.3\lib\ext\bcprov-jdk18on-1.80.jar with filter ExtendsClassFilter [parents=[interface org.apache.jmeter.visualizers.ResultRenderer], inner=false, contains=null, notContains=null]. Consider exposing JMeter plugins via META-INF/services, and add JMeter-Skip-Class-Scanning=true manifest attribute so JMeter can skip classfile scanning
2025-05-22 04:19:54,359 INFO o.a.j.r.ClassFinder: Will scan jar C:\Users\Frostyvis\Desktop\LoadTesting\apache-jmeter-5.6.3\apache-jmeter-5.6.3\lib\ext\jmeter-plugins-casutg-3.0.jar with filter ExtendsClassFilter [parents=[interface org.apache.jmeter.visualizers.ResultRenderer], inner=false, contains=null, notContains=null]. Consider exposing JMeter plugins via META-INF/services, and add JMeter-Skip-Class-Scanning=true manifest attribute so JMeter can skip classfile scanning
2025-05-22 04:19:54,360 INFO o.a.j.r.ClassFinder: Will scan jar C:\Users\Frostyvis\Desktop\LoadTesting\apache-jmeter-5.6.3\apache-jmeter-5.6.3\lib\ext\jmeter-plugins-manager-1.10.jar with filter ExtendsClassFilter [parents=[interface org.apache.jmeter.visualizers.ResultRenderer], inner=false, contains=null, notContains=null]. Consider exposing JMeter plugins via META-INF/services, and add JMeter-Skip-Class-Scanning=true manifest attribute so JMeter can skip classfile scanning
2025-05-22 04:19:54,371 INFO o.a.j.r.ClassFinder: Will scan jar C:\Users\Frostyvis\Desktop\LoadTesting\apache-jmeter-5.6.3\apache-jmeter-5.6.3\lib\ext\bcpkix-jdk18on-1.80.jar with filter ExtendsClassFilter [parents=[interface org.apache.jmeter.visualizers.RequestView], inner=false, contains=null, notContains=null]. Consider exposing JMeter plugins via META-INF/services, and add JMeter-Skip-Class-Scanning=true manifest attribute so JMeter can skip classfile scanning
2025-05-22 04:19:54,377 INFO o.a.j.r.ClassFinder: Will scan jar C:\Users\Frostyvis\Desktop\LoadTesting\apache-jmeter-5.6.3\apache-jmeter-5.6.3\lib\ext\bcprov-jdk18on-1.80.jar with filter ExtendsClassFilter [parents=[interface org.apache.jmeter.visualizers.RequestView], inner=false, contains=null, notContains=null]. Consider exposing JMeter plugins via META-INF/services, and add JMeter-Skip-Class-Scanning=true manifest attribute so JMeter can skip classfile scanning
2025-05-22 04:19:54,472 INFO o.a.j.r.ClassFinder: Will scan jar C:\Users\Frostyvis\Desktop\LoadTesting\apache-jmeter-5.6.3\apache-jmeter-5.6.3\lib\ext\jmeter-plugins-casutg-3.0.jar with filter ExtendsClassFilter [parents=[interface org.apache.jmeter.visualizers.RequestView], inner=false, contains=null, notContains=null]. Consider exposing JMeter plugins via META-INF/services, and add JMeter-Skip-Class-Scanning=true manifest attribute so JMeter can skip classfile scanning
2025-05-22 04:19:54,474 INFO o.a.j.r.ClassFinder: Will scan jar C:\Users\Frostyvis\Desktop\LoadTesting\apache-jmeter-5.6.3\apache-jmeter-5.6.3\lib\ext\jmeter-plugins-manager-1.10.jar with filter ExtendsClassFilter [parents=[interface org.apache.jmeter.visualizers.RequestView], inner=false, contains=null, notContains=null]. Consider exposing JMeter plugins via META-INF/services, and add JMeter-Skip-Class-Scanning=true manifest attribute so JMeter can skip classfile scanning
